// Jest Snapshot v1, https://goo.gl/fbAQLP

exports[`C should render 1`] = `
<div>
  <div
    data-testid="C"
  />
</div>
`;
